CalcToWork v3.0 - Static Site Generator
  Build date : 2026-04-30
  Languages  : es, en, fr, pt, de, it
  Base URL   : https://calcto.work
  Affiliates  : 10 calculator(s) configured
  Output dir : c:\Microsaas\obra\public
  [assets] Minified CSS/JS, copied favicon, OG images
  [static] Generated 24 legal pages

[OK] Generated 2796 base pages
[OK] Parametric: 18558 variant pages
[OK] Static: 24 legal pages
[OK] Redirects: 2556 legacy URL redirects
[OK] Sitemap : 21378 URLs (6 language files)
[OK] Output  : c:\Microsaas\obra\public

Deploy with:  firebase deploy --only hosting
